
> typecheck
> npx tsc -p tsconfig.json --noEmit

packages/app/features/admin/components/AdminBreadcrumb.tsx(4,27): error TS2307: Cannot find module '../../components/vct-icons' or its corresponding type declarations.
packages/app/features/admin/components/AdminCommandPalette.tsx(6,27): error TS2307: Cannot find module '../../components/vct-icons' or its corresponding type declarations.
packages/app/features/admin/components/AdminDataTable.tsx(4,27): error TS2307: Cannot find module '../../components/vct-icons' or its corresponding type declarations.
packages/app/features/admin/components/AdminDataTable.tsx(5,32): error TS2307: Cannot find module '../../components/vct-ui' or its corresponding type declarations.
packages/app/features/admin/components/AdminEmptyState.tsx(2,27): error TS2307: Cannot find module '../../components/vct-icons' or its corresponding type declarations.
packages/app/features/admin/components/AdminEmptyState.tsx(3,28): error TS2307: Cannot find module '../../components/vct-ui' or its corresponding type declarations.
packages/app/features/admin/components/AdminErrorBoundary.tsx(2,27): error TS2307: Cannot find module '../../components/vct-icons' or its corresponding type declarations.
packages/app/features/admin/components/AdminErrorBoundary.tsx(3,28): error TS2307: Cannot find module '../../components/vct-ui' or its corresponding type declarations.
packages/app/features/admin/components/AdminErrorState.tsx(4,27): error TS2307: Cannot find module '../../components/vct-icons' or its corresponding type declarations.
packages/app/features/admin/components/AdminErrorState.tsx(5,28): error TS2307: Cannot find module '../../components/vct-ui' or its corresponding type declarations.
packages/app/features/admin/components/AdminGuard.tsx(4,27): error TS2307: Cannot find module '../../components/vct-icons' or its corresponding type declarations.
packages/app/features/admin/components/AdminGuard.tsx(5,28): error TS2307: Cannot find module '../../components/vct-ui' or its corresponding type declarations.
packages/app/features/admin/components/AdminPageShell.tsx(4,59): error TS2307: Cannot find module '../../components/vct-ui' or its corresponding type declarations.
packages/app/features/admin/components/AdminPageShell.tsx(5,31): error TS2307: Cannot find module '../../components/VCT_StatRow' or its corresponding type declarations.
packages/app/features/admin/components/subscription/SubscriptionDrawer.tsx(4,66): error TS2307: Cannot find module '../../../components/vct-ui' or its corresponding type declarations.
packages/app/features/admin/components/subscription/SubscriptionDrawer.tsx(5,27): error TS2307: Cannot find module '../../../components/vct-icons' or its corresponding type declarations.
packages/app/features/admin/components/subscription/SubscriptionDrawer.tsx(6,28): error TS2307: Cannot find module '../../../components/VCT_Drawer' or its corresponding type declarations.
packages/app/features/admin/components/support/SupportAnalyticsTab.tsx(2,45): error TS2307: Cannot find module '../../../components/vct-ui' or its corresponding type declarations.
packages/app/features/admin/components/support/SupportAnalyticsTab.tsx(3,27): error TS2307: Cannot find module '../../../components/vct-icons' or its corresponding type declarations.
packages/app/features/admin/components/support/SupportTicketDrawer.tsx(2,68): error TS2307: Cannot find module '../../../components/vct-ui' or its corresponding type declarations.
packages/app/features/admin/components/support/SupportTicketDrawer.tsx(3,30): error TS2307: Cannot find module '../../../components/VCT_Textarea' or its corresponding type declarations.
packages/app/features/admin/components/support/SupportTicketDrawer.tsx(4,27): error TS2307: Cannot find module '../../../components/vct-icons' or its corresponding type declarations.
packages/app/features/admin/components/support/SupportTicketDrawer.tsx(5,28): error TS2307: Cannot find module '../../../components/VCT_Drawer' or its corresponding type declarations.
packages/app/features/admin/Page_admin_audit_log.tsx(5,68): error TS2307: Cannot find module '../components/vct-ui' or its corresponding type declarations.
packages/app/features/admin/Page_admin_audit_log.tsx(6,31): error TS2307: Cannot find module '../components/VCT_StatRow' or its corresponding type declarations.
packages/app/features/admin/Page_admin_audit_log.tsx(7,27): error TS2307: Cannot find module '../components/vct-icons' or its corresponding type declarations.
packages/app/features/admin/Page_admin_clubs.tsx(8,8): error TS2307: Cannot find module '../components/vct-ui' or its corresponding type declarations.
packages/app/features/admin/Page_admin_clubs.tsx(9,31): error TS2307: Cannot find module '../components/VCT_StatRow' or its corresponding type declarations.
packages/app/features/admin/Page_admin_clubs.tsx(10,27): error TS2307: Cannot find module '../components/vct-icons' or its corresponding type declarations.
packages/app/features/admin/Page_admin_clubs.tsx(11,28): error TS2307: Cannot find module '../components/VCT_Drawer' or its corresponding type declarations.
packages/app/features/admin/Page_admin_cms.tsx(9,8): error TS2307: Cannot find module '../components/vct-ui' or its corresponding type declarations.
packages/app/features/admin/Page_admin_cms.tsx(10,31): error TS2307: Cannot find module '../components/VCT_StatRow' or its corresponding type declarations.
packages/app/features/admin/Page_admin_cms.tsx(11,27): error TS2307: Cannot find module '../components/vct-icons' or its corresponding type declarations.
packages/app/features/admin/Page_admin_dashboard.tsx(8,50): error TS2307: Cannot find module '../components/vct-ui' or its corresponding type declarations.
packages/app/features/admin/Page_admin_dashboard.tsx(9,31): error TS2307: Cannot find module '../components/VCT_StatRow' or its corresponding type declarations.
packages/app/features/admin/Page_admin_dashboard.tsx(10,27): error TS2307: Cannot find module '../components/vct-icons' or its corresponding type declarations.
packages/app/features/admin/Page_admin_dashboard.tsx(11,30): error TS2307: Cannot find module '../components/VCT_Timeline' or its corresponding type declarations.
packages/app/features/admin/Page_admin_dashboard.tsx(12,36): error TS2307: Cannot find module '../components/VCT_Timeline' or its corresponding type declarations.
packages/app/features/admin/Page_admin_feature_flags.tsx(9,8): error TS2307: Cannot find module '../components/vct-ui' or its corresponding type declarations.
packages/app/features/admin/Page_admin_feature_flags.tsx(10,31): error TS2307: Cannot find module '../components/VCT_StatRow' or its corresponding type declarations.
packages/app/features/admin/Page_admin_feature_flags.tsx(11,27): error TS2307: Cannot find module '../components/vct-icons' or its corresponding type declarations.
packages/app/features/admin/Page_admin_federation.tsx(8,8): error TS2307: Cannot find module '../components/vct-ui' or its corresponding type declarations.
packages/app/features/admin/Page_admin_federation.tsx(9,31): error TS2307: Cannot find module '../components/VCT_StatRow' or its corresponding type declarations.
packages/app/features/admin/Page_admin_federation.tsx(10,27): error TS2307: Cannot find module '../components/vct-icons' or its corresponding type declarations.
packages/app/features/admin/Page_admin_federation.tsx(11,28): error TS2307: Cannot find module '../components/VCT_Drawer' or its corresponding type declarations.
packages/app/features/admin/Page_admin_finance.tsx(8,8): error TS2307: Cannot find module '../components/vct-ui' or its corresponding type declarations.
packages/app/features/admin/Page_admin_finance.tsx(9,31): error TS2307: Cannot find module '../components/VCT_StatRow' or its corresponding type declarations.
packages/app/features/admin/Page_admin_finance.tsx(10,27): error TS2307: Cannot find module '../components/vct-icons' or its corresponding type declarations.
packages/app/features/admin/Page_admin_finance.tsx(11,28): error TS2307: Cannot find module '../components/VCT_Drawer' or its corresponding type declarations.
packages/app/features/admin/Page_admin_finance.tsx(12,30): error TS2307: Cannot find module '../components/VCT_Timeline' or its corresponding type declarations.
packages/app/features/admin/Page_admin_finance.tsx(13,36): error TS2307: Cannot find module '../components/VCT_Timeline' or its corresponding type declarations.
packages/app/features/admin/Page_admin_people.tsx(8,8): error TS2307: Cannot find module '../components/vct-ui' or its corresponding type declarations.
packages/app/features/admin/Page_admin_people.tsx(9,31): error TS2307: Cannot find module '../components/VCT_StatRow' or its corresponding type declarations.
packages/app/features/admin/Page_admin_people.tsx(10,27): error TS2307: Cannot find module '../components/vct-icons' or its corresponding type declarations.
packages/app/features/admin/Page_admin_people.tsx(11,28): error TS2307: Cannot find module '../components/VCT_Drawer' or its corresponding type declarations.
packages/app/features/admin/Page_admin_rankings.tsx(8,8): error TS2307: Cannot find module '../components/vct-ui' or its corresponding type declarations.
packages/app/features/admin/Page_admin_rankings.tsx(9,31): error TS2307: Cannot find module '../components/VCT_StatRow' or its corresponding type declarations.
packages/app/features/admin/Page_admin_rankings.tsx(10,27): error TS2307: Cannot find module '../components/vct-icons' or its corresponding type declarations.
packages/app/features/admin/Page_admin_rankings.tsx(11,28): error TS2307: Cannot find module '../components/VCT_Drawer' or its corresponding type declarations.
packages/app/features/admin/Page_admin_reference_data.tsx(9,8): error TS2307: Cannot find module '../components/vct-ui' or its corresponding type declarations.
packages/app/features/admin/Page_admin_reference_data.tsx(10,31): error TS2307: Cannot find module '../components/VCT_StatRow' or its corresponding type declarations.
packages/app/features/admin/Page_admin_reference_data.tsx(11,27): error TS2307: Cannot find module '../components/vct-icons' or its corresponding type declarations.
packages/app/features/admin/Page_admin_roles.tsx(9,8): error TS2307: Cannot find module '../components/vct-ui' or its corresponding type declarations.
packages/app/features/admin/Page_admin_roles.tsx(10,31): error TS2307: Cannot find module '../components/VCT_StatRow' or its corresponding type declarations.
packages/app/features/admin/Page_admin_roles.tsx(11,27): error TS2307: Cannot find module '../components/vct-icons' or its corresponding type declarations.
packages/app/features/admin/Page_admin_scoring.tsx(8,8): error TS2307: Cannot find module '../components/vct-ui' or its corresponding type declarations.
packages/app/features/admin/Page_admin_scoring.tsx(9,31): error TS2307: Cannot find module '../components/VCT_StatRow' or its corresponding type declarations.
packages/app/features/admin/Page_admin_scoring.tsx(10,27): error TS2307: Cannot find module '../components/vct-icons' or its corresponding type declarations.
packages/app/features/admin/Page_admin_scoring.tsx(11,28): error TS2307: Cannot find module '../components/VCT_Drawer' or its corresponding type declarations.
packages/app/features/admin/Page_admin_subscriptions.tsx(9,8): error TS2307: Cannot find module '../components/vct-ui' or its corresponding type declarations.
packages/app/features/admin/Page_admin_subscriptions.tsx(10,31): error TS2307: Cannot find module '../components/VCT_StatRow' or its corresponding type declarations.
packages/app/features/admin/Page_admin_subscriptions.tsx(11,27): error TS2307: Cannot find module '../components/vct-icons' or its corresponding type declarations.
packages/app/features/admin/Page_admin_subscriptions.tsx(12,28): error TS2307: Cannot find module '../components/VCT_Drawer' or its corresponding type declarations.
packages/app/features/admin/Page_admin_subscriptions.tsx(13,30): error TS2307: Cannot find module '../components/VCT_Timeline' or its corresponding type declarations.
packages/app/features/admin/Page_admin_support.tsx(9,8): error TS2307: Cannot find module '../components/vct-ui' or its corresponding type declarations.
packages/app/features/admin/Page_admin_support.tsx(10,30): error TS2307: Cannot find module '../components/VCT_Textarea' or its corresponding type declarations.
packages/app/features/admin/Page_admin_support.tsx(11,31): error TS2307: Cannot find module '../components/VCT_StatRow' or its corresponding type declarations.
packages/app/features/admin/Page_admin_support.tsx(12,27): error TS2307: Cannot find module '../components/vct-icons' or its corresponding type declarations.
packages/app/features/admin/Page_admin_system.tsx(9,8): error TS2307: Cannot find module '../components/vct-ui' or its corresponding type declarations.
packages/app/features/admin/Page_admin_system.tsx(10,31): error TS2307: Cannot find module '../components/VCT_StatRow' or its corresponding type declarations.
packages/app/features/admin/Page_admin_system.tsx(11,27): error TS2307: Cannot find module '../components/vct-icons' or its corresponding type declarations.
packages/app/features/admin/Page_admin_system.tsx(12,28): error TS2307: Cannot find module '../components/VCT_Drawer' or its corresponding type declarations.
packages/app/features/admin/Page_admin_tenants.tsx(7,8): error TS2307: Cannot find module '../components/vct-ui' or its corresponding type declarations.
packages/app/features/admin/Page_admin_tenants.tsx(8,31): error TS2307: Cannot find module '../components/VCT_StatRow' or its corresponding type declarations.
packages/app/features/admin/Page_admin_tenants.tsx(9,27): error TS2307: Cannot find module '../components/vct-icons' or its corresponding type declarations.
packages/app/features/admin/Page_admin_tenants.tsx(10,28): error TS2307: Cannot find module '../components/VCT_Drawer' or its corresponding type declarations.
packages/app/features/admin/Page_admin_tenants.tsx(11,35): error TS2307: Cannot find module '../components/vct-ui-overlay' or its corresponding type declarations.
packages/app/features/admin/Page_admin_tenants.tsx(19,46): error TS2307: Cannot find module '../components/vct-icons' or its corresponding type declarations.
packages/app/features/admin/Page_admin_tournaments.tsx(9,8): error TS2307: Cannot find module '../components/vct-ui' or its corresponding type declarations.
packages/app/features/admin/Page_admin_tournaments.tsx(10,31): error TS2307: Cannot find module '../components/VCT_StatRow' or its corresponding type declarations.
packages/app/features/admin/Page_admin_tournaments.tsx(11,27): error TS2307: Cannot find module '../components/vct-icons' or its corresponding type declarations.
packages/app/features/admin/Page_admin_tournaments.tsx(12,28): error TS2307: Cannot find module '../components/VCT_Drawer' or its corresponding type declarations.
packages/app/features/admin/Page_admin_tournaments.tsx(13,30): error TS2307: Cannot find module '../components/VCT_Timeline' or its corresponding type declarations.
packages/app/features/admin/Page_admin_tournaments.tsx(14,36): error TS2307: Cannot find module '../components/VCT_Timeline' or its corresponding type declarations.
packages/app/features/admin/Page_admin_user_detail.tsx(6,45): error TS2307: Cannot find module '../components/vct-ui-data-display' or its corresponding type declarations.
packages/app/features/admin/Page_admin_user_detail.tsx(7,28): error TS2307: Cannot find module '../components/vct-ui-layout' or its corresponding type declarations.
packages/app/features/admin/Page_admin_user_detail.tsx(8,33): error TS2307: Cannot find module '../components/VCT_SectionCard' or its corresponding type declarations.
packages/app/features/admin/Page_admin_user_detail.tsx(9,31): error TS2307: Cannot find module '../components/VCT_StatRow' or its corresponding type declarations.
packages/app/features/admin/Page_admin_user_detail.tsx(10,27): error TS2307: Cannot find module '../components/vct-icons' or its corresponding type declarations.
packages/app/features/admin/Page_admin_user_detail.tsx(11,30): error TS2307: Cannot find module '../components/VCT_Timeline' or its corresponding type declarations.
packages/app/features/admin/Page_admin_user_detail.tsx(12,36): error TS2307: Cannot find module '../components/VCT_Timeline' or its corresponding type declarations.
packages/app/features/admin/Page_admin_user_detail.tsx(13,35): error TS2307: Cannot find module '../components/vct-ui' or its corresponding type declarations.
packages/app/features/admin/Page_admin_user_detail.tsx(14,29): error TS2307: Cannot find module '../components/VCT_StatRow' or its corresponding type declarations.
packages/app/features/admin/Page_admin_users.tsx(20,8): error TS2307: Cannot find module '../components/vct-ui' or its corresponding type declarations.
packages/app/features/admin/Page_admin_users.tsx(21,31): error TS2307: Cannot find module '../components/VCT_StatRow' or its corresponding type declarations.
packages/app/features/admin/Page_admin_users.tsx(22,27): error TS2307: Cannot find module '../components/vct-icons' or its corresponding type declarations.
packages/app/features/admin/Page_admin_users.tsx(23,28): error TS2307: Cannot find module '../components/VCT_Drawer' or its corresponding type declarations.
packages/app/features/admin/Page_audit_logs.tsx(7,8): error TS2307: Cannot find module '../components/vct-ui' or its corresponding type declarations.
packages/app/features/admin/Page_audit_logs.tsx(8,27): error TS2307: Cannot find module '../components/vct-icons' or its corresponding type declarations.
packages/app/features/admin/Page_audit_logs.tsx(9,28): error TS2307: Cannot find module '../components/VCT_Drawer' or its corresponding type declarations.
packages/app/features/admin/Page_data_quality.tsx(7,8): error TS2307: Cannot find module '../components/vct-ui' or its corresponding type declarations.
packages/app/features/admin/Page_data_quality.tsx(8,27): error TS2307: Cannot find module '../components/vct-icons' or its corresponding type declarations.
packages/app/features/admin/Page_documents.tsx(8,8): error TS2307: Cannot find module '../components/vct-ui' or its corresponding type declarations.
packages/app/features/admin/Page_documents.tsx(9,27): error TS2307: Cannot find module '../components/vct-icons' or its corresponding type declarations.
packages/app/features/admin/Page_documents.tsx(10,28): error TS2307: Cannot find module '../components/VCT_Drawer' or its corresponding type declarations.
packages/app/features/admin/Page_integrity.tsx(8,8): error TS2307: Cannot find module '../components/vct-ui' or its corresponding type declarations.
packages/app/features/admin/Page_integrity.tsx(9,31): error TS2307: Cannot find module '../components/VCT_StatRow' or its corresponding type declarations.
packages/app/features/admin/Page_integrity.tsx(10,27): error TS2307: Cannot find module '../components/vct-icons' or its corresponding type declarations.
packages/app/features/admin/Page_integrity.tsx(11,28): error TS2307: Cannot find module '../components/VCT_Drawer' or its corresponding type declarations.
packages/app/features/admin/Page_integrity.tsx(12,30): error TS2307: Cannot find module '../components/VCT_Timeline' or its corresponding type declarations.
packages/app/features/admin/Page_integrity.tsx(13,36): error TS2307: Cannot find module '../components/VCT_Timeline' or its corresponding type declarations.
packages/app/features/admin/Page_notifications_admin.tsx(9,8): error TS2307: Cannot find module '../components/vct-ui' or its corresponding type declarations.
packages/app/features/admin/Page_notifications_admin.tsx(10,31): error TS2307: Cannot find module '../components/VCT_StatRow' or its corresponding type declarations.
packages/app/features/admin/Page_notifications_admin.tsx(11,27): error TS2307: Cannot find module '../components/vct-icons' or its corresponding type declarations.
packages/app/features/admin/Page_notifications_admin.tsx(12,28): error TS2307: Cannot find module '../components/VCT_Drawer' or its corresponding type declarations.
packages/app/features/athletes/Page_athlete_clubs.tsx(3,27): error TS2307: Cannot find module '../components/vct-icons' or its corresponding type declarations.
packages/app/features/athletes/Page_athlete_clubs.tsx(4,62): error TS2307: Cannot find module '../components/vct-ui' or its corresponding type declarations.
packages/app/features/athletes/Page_athlete_elearning.tsx(3,27): error TS2307: Cannot find module '../components/vct-icons' or its corresponding type declarations.
packages/app/features/athletes/Page_athlete_elearning.tsx(4,79): error TS2307: Cannot find module '../components/vct-ui' or its corresponding type declarations.
packages/app/features/athletes/Page_athlete_management.tsx(3,27): error TS2307: Cannot find module '../components/vct-icons' or its corresponding type declarations.
packages/app/features/athletes/Page_athlete_management.tsx(4,27): error TS2307: Cannot find module '../components/VCT_Image' or its corresponding type declarations.
packages/app/features/athletes/Page_athlete_management.tsx(5,107): error TS2307: Cannot find module '../components/vct-ui' or its corresponding type declarations.
packages/app/features/athletes/Page_athlete_portal.tsx(3,27): error TS2307: Cannot find module '../components/vct-icons' or its corresponding type declarations.
packages/app/features/athletes/Page_athlete_portal.tsx(4,27): error TS2307: Cannot find module '../components/VCT_Image' or its corresponding type declarations.
packages/app/features/athletes/Page_athlete_portal.tsx(5,92): error TS2307: Cannot find module '../components/vct-ui' or its corresponding type declarations.
packages/app/features/athletes/Page_athlete_profile.tsx(3,27): error TS2307: Cannot find module '../components/vct-icons' or its corresponding type declarations.
packages/app/features/athletes/Page_athlete_profile.tsx(4,27): error TS2307: Cannot find module '../components/VCT_Image' or its corresponding type declarations.
packages/app/features/athletes/Page_athlete_profile.tsx(5,92): error TS2307: Cannot find module '../components/vct-ui' or its corresponding type declarations.
packages/app/features/athletes/Page_athlete_rankings.tsx(3,27): error TS2307: Cannot find module '../components/vct-icons' or its corresponding type declarations.
packages/app/features/athletes/Page_athlete_rankings.tsx(4,81): error TS2307: Cannot find module '../components/vct-ui' or its corresponding type declarations.
packages/app/features/athletes/Page_athlete_results.tsx(3,27): error TS2307: Cannot find module '../components/vct-icons' or its corresponding type declarations.
packages/app/features/athletes/Page_athlete_results.tsx(4,79): error TS2307: Cannot find module '../components/vct-ui' or its corresponding type declarations.
packages/app/features/athletes/Page_athlete_tournaments.tsx(3,27): error TS2307: Cannot find module '../components/vct-icons' or its corresponding type declarations.
packages/app/features/athletes/Page_athlete_tournaments.tsx(4,92): error TS2307: Cannot find module '../components/vct-ui' or its corresponding type declarations.
packages/app/features/athletes/Page_athlete_tournaments.tsx(5,31): error TS2307: Cannot find module '../components/VCT_StatRow' or its corresponding type declarations.
packages/app/features/athletes/Page_athlete_training.tsx(3,27): error TS2307: Cannot find module '../components/vct-icons' or its corresponding type declarations.
packages/app/features/athletes/Page_athlete_training.tsx(4,79): error TS2307: Cannot find module '../components/vct-ui' or its corresponding type declarations.
packages/app/features/auth/Page_forgot_password.tsx(9,27): error TS2307: Cannot find module '../components/vct-ui' or its corresponding type declarations.
packages/app/features/auth/Page_forgot_password.tsx(10,27): error TS2307: Cannot find module '../components/vct-icons' or its corresponding type declarations.
packages/app/features/auth/Page_login.tsx(6,27): error TS2307: Cannot find module '../components/vct-ui' or its corresponding type declarations.
packages/app/features/auth/Page_login.tsx(7,27): error TS2307: Cannot find module '../components/vct-icons' or its corresponding type declarations.
packages/app/features/auth/Page_register.tsx(5,27): error TS2307: Cannot find module '../components/vct-ui' or its corresponding type declarations.
packages/app/features/auth/Page_register.tsx(6,27): error TS2307: Cannot find module '../components/vct-icons' or its corresponding type declarations.
packages/app/features/auth/PermissionGate.tsx(4,27): error TS2307: Cannot find module '../components/vct-icons' or its corresponding type declarations.
packages/app/features/calendar/Page_calendar.tsx(5,27): error TS2307: Cannot find module '../components/vct-icons' or its corresponding type declarations.
packages/app/features/club/Page_club_attendance.tsx(18,8): error TS2307: Cannot find module '../components/vct-ui' or its corresponding type declarations.
packages/app/features/club/Page_club_attendance.tsx(19,48): error TS2307: Cannot find module '../components/vct-ui' or its corresponding type declarations.
packages/app/features/club/Page_club_attendance.tsx(20,31): error TS2307: Cannot find module '../components/VCT_StatRow' or its corresponding type declarations.
packages/app/features/club/Page_club_attendance.tsx(21,27): error TS2307: Cannot find module '../components/vct-icons' or its corresponding type declarations.
packages/app/features/club/Page_club_certifications.tsx(18,8): error TS2307: Cannot find module '../components/vct-ui' or its corresponding type declarations.
packages/app/features/club/Page_club_certifications.tsx(19,48): error TS2307: Cannot find module '../components/vct-ui' or its corresponding type declarations.
packages/app/features/club/Page_club_certifications.tsx(20,31): error TS2307: Cannot find module '../components/VCT_StatRow' or its corresponding type declarations.
packages/app/features/club/Page_club_certifications.tsx(21,27): error TS2307: Cannot find module '../components/vct-icons' or its corresponding type declarations.
packages/app/features/club/Page_club_classes.tsx(20,8): error TS2307: Cannot find module '../components/vct-ui' or its corresponding type declarations.
packages/app/features/club/Page_club_classes.tsx(21,48): error TS2307: Cannot find module '../components/vct-ui' or its corresponding type declarations.
packages/app/features/club/Page_club_classes.tsx(22,31): error TS2307: Cannot find module '../components/VCT_StatRow' or its corresponding type declarations.
packages/app/features/club/Page_club_classes.tsx(23,27): error TS2307: Cannot find module '../components/vct-icons' or its corresponding type declarations.
packages/app/features/club/Page_club_dashboard.tsx(10,8): error TS2307: Cannot find module '../components/vct-ui' or its corresponding type declarations.
packages/app/features/club/Page_club_dashboard.tsx(11,48): error TS2307: Cannot find module '../components/vct-ui' or its corresponding type declarations.
packages/app/features/club/Page_club_dashboard.tsx(12,31): error TS2307: Cannot find module '../components/VCT_StatRow' or its corresponding type declarations.
packages/app/features/club/Page_club_dashboard.tsx(13,27): error TS2307: Cannot find module '../components/vct-icons' or its corresponding type declarations.
packages/app/features/club/Page_club_equipment.tsx(17,8): error TS2307: Cannot find module '../components/vct-ui' or its corresponding type declarations.
packages/app/features/club/Page_club_equipment.tsx(18,48): error TS2307: Cannot find module '../components/vct-ui' or its corresponding type declarations.
packages/app/features/club/Page_club_equipment.tsx(19,31): error TS2307: Cannot find module '../components/VCT_StatRow' or its corresponding type declarations.
packages/app/features/club/Page_club_equipment.tsx(20,27): error TS2307: Cannot find module '../components/vct-icons' or its corresponding type declarations.
packages/app/features/club/Page_club_facilities.tsx(17,8): error TS2307: Cannot find module '../components/vct-ui' or its corresponding type declarations.
packages/app/features/club/Page_club_facilities.tsx(18,48): error TS2307: Cannot find module '../components/vct-ui' or its corresponding type declarations.
packages/app/features/club/Page_club_facilities.tsx(19,31): error TS2307: Cannot find module '../components/VCT_StatRow' or its corresponding type declarations.
packages/app/features/club/Page_club_facilities.tsx(20,27): error TS2307: Cannot find module '../components/vct-icons' or its corresponding type declarations.
packages/app/features/club/Page_club_finance.tsx(19,8): error TS2307: Cannot find module '../components/vct-ui' or its corresponding type declarations.
packages/app/features/club/Page_club_finance.tsx(20,48): error TS2307: Cannot find module '../components/vct-ui' or its corresponding type declarations.
packages/app/features/club/Page_club_finance.tsx(21,31): error TS2307: Cannot find module '../components/VCT_StatRow' or its corresponding type declarations.
packages/app/features/club/Page_club_finance.tsx(22,27): error TS2307: Cannot find module '../components/vct-icons' or its corresponding type declarations.
packages/app/features/club/Page_club_members.tsx(20,8): error TS2307: Cannot find module '../components/vct-ui' or its corresponding type declarations.
packages/app/features/club/Page_club_members.tsx(21,48): error TS2307: Cannot find module '../components/vct-ui' or its corresponding type declarations.
packages/app/features/club/Page_club_members.tsx(22,31): error TS2307: Cannot find module '../components/VCT_StatRow' or its corresponding type declarations.
packages/app/features/club/Page_club_members.tsx(23,27): error TS2307: Cannot find module '../components/vct-icons' or its corresponding type declarations.
packages/app/features/club/Page_club_settings.tsx(12,8): error TS2307: Cannot find module '../components/vct-ui' or its corresponding type declarations.
packages/app/features/club/Page_club_settings.tsx(13,48): error TS2307: Cannot find module '../components/vct-ui' or its corresponding type declarations.
packages/app/features/club/Page_club_settings.tsx(14,31): error TS2307: Cannot find module '../components/VCT_StatRow' or its corresponding type declarations.
packages/app/features/club/Page_club_settings.tsx(15,27): error TS2307: Cannot find module '../components/vct-icons' or its corresponding type declarations.
packages/app/features/club/Page_club_tournaments.tsx(19,8): error TS2307: Cannot find module '../components/vct-ui' or its corresponding type declarations.
packages/app/features/club/Page_club_tournaments.tsx(20,48): error TS2307: Cannot find module '../components/vct-ui' or its corresponding type declarations.
packages/app/features/club/Page_club_tournaments.tsx(21,31): error TS2307: Cannot find module '../components/VCT_StatRow' or its corresponding type declarations.
packages/app/features/club/Page_club_tournaments.tsx(22,27): error TS2307: Cannot find module '../components/vct-icons' or its corresponding type declarations.
packages/app/features/club/Page_club_training.tsx(21,8): error TS2307: Cannot find module '../components/vct-ui' or its corresponding type declarations.
packages/app/features/club/Page_club_training.tsx(22,48): error TS2307: Cannot find module '../components/vct-ui' or its corresponding type declarations.
packages/app/features/club/Page_club_training.tsx(23,31): error TS2307: Cannot find module '../components/VCT_StatRow' or its corresponding type declarations.
packages/app/features/club/Page_club_training.tsx(24,27): error TS2307: Cannot find module '../components/vct-icons' or its corresponding type declarations.
packages/app/features/clubs/Page_club_classes.tsx(8,59): error TS2307: Cannot find module '../components/vct-ui' or its corresponding type declarations.
packages/app/features/clubs/Page_club_classes.tsx(9,27): error TS2307: Cannot find module '../components/vct-icons' or its corresponding type declarations.
packages/app/features/clubs/Page_club_detail.tsx(5,78): error TS2307: Cannot find module '../components/vct-ui' or its corresponding type declarations.
packages/app/features/clubs/Page_club_detail.tsx(6,35): error TS2307: Cannot find module '../components/vct-ui' or its corresponding type declarations.
packages/app/features/clubs/Page_club_detail.tsx(7,27): error TS2307: Cannot find module '../components/vct-icons' or its corresponding type declarations.
packages/app/features/clubs/Page_club_facilities.tsx(3,27): error TS2307: Cannot find module '../components/vct-icons' or its corresponding type declarations.
packages/app/features/clubs/Page_club_members.tsx(3,27): error TS2307: Cannot find module '../components/vct-icons' or its corresponding type declarations.
packages/app/features/clubs/Page_clubs.tsx(12,8): error TS2307: Cannot find module '../components/vct-ui' or its corresponding type declarations.
packages/app/features/clubs/Page_clubs.tsx(13,31): error TS2307: Cannot find module '../components/VCT_StatRow' or its corresponding type declarations.
packages/app/features/clubs/Page_clubs.tsx(14,27): error TS2307: Cannot find module '../components/vct-icons' or its corresponding type declarations.
packages/app/features/community/Page_community.tsx(7,8): error TS2307: Cannot find module '../components/vct-ui' or its corresponding type declarations.
packages/app/features/community/Page_community.tsx(8,62): error TS2307: Cannot find module '../components/vct-ui' or its corresponding type declarations.
packages/app/features/community/Page_community.tsx(9,31): error TS2307: Cannot find module '../components/VCT_StatRow' or its corresponding type declarations.
packages/app/features/community/Page_community.tsx(10,27): error TS2307: Cannot find module '../components/vct-icons' or its corresponding type declarations.
packages/app/features/community/Page_community_events.tsx(5,27): error TS2307: Cannot find module '../components/vct-icons' or its corresponding type declarations.
packages/app/features/community/Page_community_groups.tsx(4,27): error TS2307: Cannot find module '../components/vct-icons' or its corresponding type declarations.
packages/app/features/community/Page_community_post_detail.tsx(3,27): error TS2307: Cannot find module '../components/vct-icons' or its corresponding type declarations.
packages/app/features/community/Page_marketplace.tsx(8,8): error TS2307: Cannot find module '../components/vct-ui' or its corresponding type declarations.
packages/app/features/community/Page_marketplace.tsx(9,31): error TS2307: Cannot find module '../components/VCT_StatRow' or its corresponding type declarations.
packages/app/features/community/Page_marketplace.tsx(10,27): error TS2307: Cannot find module '../components/vct-icons' or its corresponding type declarations.
packages/app/features/dashboard/Page_command_center.tsx(5,79): error TS2307: Cannot find module '../components/vct-ui' or its corresponding type declarations.
packages/app/features/dashboard/Page_command_center.tsx(6,27): error TS2307: Cannot find module '../components/vct-icons' or its corresponding type declarations.
packages/app/features/dashboard/Page_command_center.tsx(8,31): error TS2307: Cannot find module '../components/VCT_StatRow' or its corresponding type declarations.
packages/app/features/federation/Page_approval_detail.tsx(9,35): error TS2307: Cannot find module '../components/VCT_PageContainer' or its corresponding type declarations.
packages/app/features/federation/Page_approval_detail.tsx(10,27): error TS2307: Cannot find module '../components/vct-icons' or its corresponding type declarations.
packages/app/features/federation/Page_discipline_dashboard.tsx(4,38): error TS2307: Cannot find module '../components/vct-ui' or its corresponding type declarations.
packages/app/features/federation/Page_discipline_dashboard.tsx(5,48): error TS2307: Cannot find module '../components/vct-ui' or its corresponding type declarations.
packages/app/features/federation/Page_discipline_dashboard.tsx(6,31): error TS2307: Cannot find module '../components/VCT_StatRow' or its corresponding type declarations.
packages/app/features/federation/Page_discipline_dashboard.tsx(7,27): error TS2307: Cannot find module '../components/vct-icons' or its corresponding type declarations.
packages/app/features/federation/Page_federation_approvals.tsx(6,83): error TS2307: Cannot find module '../components/vct-ui' or its corresponding type declarations.
packages/app/features/federation/Page_federation_approvals.tsx(7,48): error TS2307: Cannot find module '../components/vct-ui' or its corresponding type declarations.
packages/app/features/federation/Page_federation_approvals.tsx(8,31): error TS2307: Cannot find module '../components/VCT_StatRow' or its corresponding type declarations.
packages/app/features/federation/Page_federation_approvals.tsx(9,27): error TS2307: Cannot find module '../components/vct-icons' or its corresponding type declarations.
packages/app/features/federation/Page_federation_approvals.tsx(12,38): error TS2307: Cannot find module '../components/VCT_DigitalSignature' or its corresponding type declarations.
packages/app/features/federation/Page_federation_budget.tsx(4,49): error TS2307: Cannot find module '../components/VCT_PageContainer' or its corresponding type declarations.
packages/app/features/federation/Page_federation_budget.tsx(5,27): error TS2307: Cannot find module '../components/vct-icons' or its corresponding type declarations.
packages/app/features/federation/Page_federation_budget.tsx(6,27): error TS2307: Cannot find module '../components/vct-ui' or its corresponding type declarations.
packages/app/features/federation/Page_federation_calendar.tsx(7,8): error TS2307: Cannot find module '../components/vct-ui' or its corresponding type declarations.
packages/app/features/federation/Page_federation_calendar.tsx(8,31): error TS2307: Cannot find module '../components/VCT_StatRow' or its corresponding type declarations.
packages/app/features/federation/Page_federation_calendar.tsx(9,27): error TS2307: Cannot find module '../components/vct-icons' or its corresponding type declarations.
packages/app/features/federation/Page_federation_certifications.tsx(6,83): error TS2307: Cannot find module '../components/vct-ui' or its corresponding type declarations.
packages/app/features/federation/Page_federation_certifications.tsx(7,48): error TS2307: Cannot find module '../components/vct-ui' or its corresponding type declarations.
packages/app/features/federation/Page_federation_certifications.tsx(8,31): error TS2307: Cannot find module '../components/VCT_StatRow' or its corresponding type declarations.
packages/app/features/federation/Page_federation_certifications.tsx(9,27): error TS2307: Cannot find module '../components/vct-icons' or its corresponding type declarations.
packages/app/features/federation/Page_federation_dashboard.tsx(9,8): error TS2307: Cannot find module '../components/vct-ui' or its corresponding type declarations.
packages/app/features/federation/Page_federation_dashboard.tsx(10,31): error TS2307: Cannot find module '../components/VCT_StatRow' or its corresponding type declarations.
packages/app/features/federation/Page_federation_dashboard.tsx(11,27): error TS2307: Cannot find module '../components/vct-icons' or its corresponding type declarations.
packages/app/features/federation/Page_federation_discipline.tsx(5,83): error TS2307: Cannot find module '../components/vct-ui' or its corresponding type declarations.
packages/app/features/federation/Page_federation_discipline.tsx(6,48): error TS2307: Cannot find module '../components/vct-ui' or its corresponding type declarations.
packages/app/features/federation/Page_federation_discipline.tsx(7,31): error TS2307: Cannot find module '../components/VCT_StatRow' or its corresponding type declarations.
packages/app/features/federation/Page_federation_discipline.tsx(8,27): error TS2307: Cannot find module '../components/vct-icons' or its corresponding type declarations.
packages/app/features/federation/Page_federation_documents.tsx(9,8): error TS2307: Cannot find module '../components/vct-ui' or its corresponding type declarations.
packages/app/features/federation/Page_federation_documents.tsx(10,48): error TS2307: Cannot find module '../components/vct-ui' or its corresponding type declarations.
packages/app/features/federation/Page_federation_documents.tsx(11,31): error TS2307: Cannot find module '../components/VCT_StatRow' or its corresponding type declarations.
packages/app/features/federation/Page_federation_documents.tsx(12,27): error TS2307: Cannot find module '../components/vct-icons' or its corresponding type declarations.
packages/app/features/federation/Page_federation_fees.tsx(4,49): error TS2307: Cannot find module '../components/VCT_PageContainer' or its corresponding type declarations.
packages/app/features/federation/Page_federation_fees.tsx(5,27): error TS2307: Cannot find module '../components/vct-icons' or its corresponding type declarations.
packages/app/features/federation/Page_federation_fees.tsx(6,39): error TS2307: Cannot find module '../components/vct-ui' or its corresponding type declarations.
packages/app/features/federation/Page_federation_finance.tsx(9,49): error TS2307: Cannot find module '../components/VCT_PageContainer' or its corresponding type declarations.
packages/app/features/federation/Page_federation_finance.tsx(10,27): error TS2307: Cannot find module '../components/vct-icons' or its corresponding type declarations.
packages/app/features/federation/Page_federation_finance.tsx(11,28): error TS2307: Cannot find module '../components/vct-ui' or its corresponding type declarations.
packages/app/features/federation/Page_federation_finance.tsx(12,30): error TS2307: Cannot find module '../components/VCT_Timeline' or its corresponding type declarations.
packages/app/features/federation/Page_federation_international.tsx(7,8): error TS2307: Cannot find module '../components/vct-ui' or its corresponding type declarations.
packages/app/features/federation/Page_federation_international.tsx(8,31): error TS2307: Cannot find module '../components/VCT_StatRow' or its corresponding type declarations.
packages/app/features/federation/Page_federation_international.tsx(9,27): error TS2307: Cannot find module '../components/vct-icons' or its corresponding type declarations.
packages/app/features/federation/Page_federation_invoices.tsx(5,49): error TS2307: Cannot find module '../components/VCT_PageContainer' or its corresponding type declarations.
packages/app/features/federation/Page_federation_invoices.tsx(6,27): error TS2307: Cannot find module '../components/vct-icons' or its corresponding type declarations.
packages/app/features/federation/Page_federation_invoices.tsx(7,55): error TS2307: Cannot find module '../components/vct-ui' or its corresponding type declarations.
packages/app/features/federation/Page_federation_notifications.tsx(4,49): error TS2307: Cannot find module '../components/VCT_PageContainer' or its corresponding type declarations.
packages/app/features/federation/Page_federation_notifications.tsx(5,27): error TS2307: Cannot find module '../components/vct-icons' or its corresponding type declarations.
packages/app/features/federation/Page_federation_notifications.tsx(6,55): error TS2307: Cannot find module '../components/vct-ui' or its corresponding type declarations.
packages/app/features/federation/Page_federation_org_chart.tsx(4,27): error TS2307: Cannot find module '../components/vct-ui' or its corresponding type declarations.
packages/app/features/federation/Page_federation_org_chart.tsx(5,48): error TS2307: Cannot find module '../components/vct-ui' or its corresponding type declarations.
packages/app/features/federation/Page_federation_org_chart.tsx(6,31): error TS2307: Cannot find module '../components/VCT_StatRow' or its corresponding type declarations.
packages/app/features/federation/Page_federation_org_chart.tsx(7,27): error TS2307: Cannot find module '../components/vct-icons' or its corresponding type declarations.
packages/app/features/federation/Page_federation_organizations.tsx(9,49): error TS2307: Cannot find module '../components/VCT_PageContainer' or its corresponding type declarations.
packages/app/features/federation/Page_federation_organizations.tsx(10,27): error TS2307: Cannot find module '../components/vct-icons' or its corresponding type declarations.
packages/app/features/federation/Page_federation_organizations.tsx(11,44): error TS2307: Cannot find module '../components/vct-ui' or its corresponding type declarations.
packages/app/features/federation/Page_federation_personnel.tsx(8,8): error TS2307: Cannot find module '../components/vct-ui' or its corresponding type declarations.
packages/app/features/federation/Page_federation_personnel.tsx(9,31): error TS2307: Cannot find module '../components/VCT_StatRow' or its corresponding type declarations.
packages/app/features/federation/Page_federation_personnel.tsx(10,27): error TS2307: Cannot find module '../components/vct-icons' or its corresponding type declarations.
packages/app/features/federation/Page_federation_personnel.tsx(12,30): error TS2307: Cannot find module '../components/VCT_Timeline' or its corresponding type declarations.
packages/app/features/federation/Page_federation_pr.tsx(7,8): error TS2307: Cannot find module '../components/vct-ui' or its corresponding type declarations.
packages/app/features/federation/Page_federation_pr.tsx(8,31): error TS2307: Cannot find module '../components/VCT_StatRow' or its corresponding type declarations.
packages/app/features/federation/Page_federation_pr.tsx(9,27): error TS2307: Cannot find module '../components/vct-icons' or its corresponding type declarations.
packages/app/features/federation/Page_federation_provinces.tsx(9,8): error TS2307: Cannot find module '../components/vct-ui' or its corresponding type declarations.
packages/app/features/federation/Page_federation_provinces.tsx(10,31): error TS2307: Cannot find module '../components/VCT_StatRow' or its corresponding type declarations.
packages/app/features/federation/Page_federation_provinces.tsx(11,27): error TS2307: Cannot find module '../components/vct-icons' or its corresponding type declarations.
packages/app/features/federation/Page_federation_sponsorship.tsx(4,49): error TS2307: Cannot find module '../components/VCT_PageContainer' or its corresponding type declarations.
packages/app/features/federation/Page_federation_sponsorship.tsx(5,27): error TS2307: Cannot find module '../components/vct-icons' or its corresponding type declarations.
packages/app/features/federation/Page_federation_sponsorship.tsx(6,39): error TS2307: Cannot find module '../components/vct-ui' or its corresponding type declarations.
packages/app/features/federation/Page_federation_workflow_config.tsx(7,8): error TS2307: Cannot find module '../components/vct-ui' or its corresponding type declarations.
packages/app/features/federation/Page_federation_workflow_config.tsx(8,31): error TS2307: Cannot find module '../components/VCT_StatRow' or its corresponding type declarations.
packages/app/features/federation/Page_federation_workflow_config.tsx(9,27): error TS2307: Cannot find module '../components/vct-icons' or its corresponding type declarations.
packages/app/features/federation/Page_pending_approvals.tsx(9,49): error TS2307: Cannot find module '../components/VCT_PageContainer' or its corresponding type declarations.
packages/app/features/federation/Page_pending_approvals.tsx(10,27): error TS2307: Cannot find module '../components/vct-icons' or its corresponding type declarations.
packages/app/features/federation/Page_pending_approvals.tsx(11,43): error TS2307: Cannot find module '../components/vct-ui' or its corresponding type declarations.
packages/app/features/federation/Page_province_athletes.tsx(4,48): error TS2307: Cannot find module '../components/vct-ui' or its corresponding type declarations.
packages/app/features/federation/Page_province_athletes.tsx(5,31): error TS2307: Cannot find module '../components/VCT_StatRow' or its corresponding type declarations.
packages/app/features/federation/Page_province_athletes.tsx(6,27): error TS2307: Cannot find module '../components/vct-icons' or its corresponding type declarations.
packages/app/features/federation/Page_province_clubs.tsx(4,48): error TS2307: Cannot find module '../components/vct-ui' or its corresponding type declarations.
packages/app/features/federation/Page_province_clubs.tsx(5,31): error TS2307: Cannot find module '../components/VCT_StatRow' or its corresponding type declarations.
packages/app/features/federation/Page_province_clubs.tsx(6,27): error TS2307: Cannot find module '../components/vct-icons' or its corresponding type declarations.
packages/app/features/federation/Page_province_coaches.tsx(4,48): error TS2307: Cannot find module '../components/vct-ui' or its corresponding type declarations.
packages/app/features/federation/Page_province_coaches.tsx(5,31): error TS2307: Cannot find module '../components/VCT_StatRow' or its corresponding type declarations.
packages/app/features/federation/Page_province_coaches.tsx(6,27): error TS2307: Cannot find module '../components/vct-icons' or its corresponding type declarations.
packages/app/features/federation/Page_province_reports.tsx(4,48): error TS2307: Cannot find module '../components/vct-ui' or its corresponding type declarations.
packages/app/features/federation/Page_province_reports.tsx(5,31): error TS2307: Cannot find module '../components/VCT_StatRow' or its corresponding type declarations.
packages/app/features/federation/Page_province_reports.tsx(6,27): error TS2307: Cannot find module '../components/vct-icons' or its corresponding type declarations.
packages/app/features/federation/Page_province_tournaments.tsx(4,48): error TS2307: Cannot find module '../components/vct-ui' or its corresponding type declarations.
packages/app/features/federation/Page_province_tournaments.tsx(5,31): error TS2307: Cannot find module '../components/VCT_StatRow' or its corresponding type declarations.
packages/app/features/federation/Page_province_tournaments.tsx(6,27): error TS2307: Cannot find module '../components/vct-icons' or its corresponding type declarations.
packages/app/features/federation/Page_provincial_dashboard.tsx(4,27): error TS2307: Cannot find module '../components/vct-ui' or its corresponding type declarations.
packages/app/features/federation/Page_provincial_dashboard.tsx(5,48): error TS2307: Cannot find module '../components/vct-ui' or its corresponding type declarations.
packages/app/features/federation/Page_provincial_dashboard.tsx(6,31): error TS2307: Cannot find module '../components/VCT_StatRow' or its corresponding type declarations.
packages/app/features/federation/Page_provincial_dashboard.tsx(7,27): error TS2307: Cannot find module '../components/vct-icons' or its corresponding type declarations.
packages/app/features/federation/Page_submit_approval.tsx(8,49): error TS2307: Cannot find module '../components/VCT_PageContainer' or its corresponding type declarations.
packages/app/features/federation/Page_submit_approval.tsx(9,27): error TS2307: Cannot find module '../components/vct-icons' or its corresponding type declarations.
packages/app/features/federation/Page_workflow_config.tsx(9,35): error TS2307: Cannot find module '../components/vct-ui' or its corresponding type declarations.
packages/app/features/finance/Page_finance.tsx(8,8): error TS2307: Cannot find module '../components/vct-ui' or its corresponding type declarations.
packages/app/features/finance/Page_finance.tsx(9,79): error TS2307: Cannot find module '../components/vct-ui' or its corresponding type declarations.
packages/app/features/finance/Page_finance.tsx(10,31): error TS2307: Cannot find module '../components/VCT_StatRow' or its corresponding type declarations.
packages/app/features/finance/Page_finance.tsx(11,27): error TS2307: Cannot find module '../components/vct-icons' or its corresponding type declarations.
packages/app/features/finance/Page_finance_budget.tsx(3,27): error TS2307: Cannot find module '../components/vct-icons' or its corresponding type declarations.
packages/app/features/finance/Page_finance_fees.tsx(8,59): error TS2307: Cannot find module '../components/vct-ui' or its corresponding type declarations.
packages/app/features/finance/Page_finance_fees.tsx(9,48): error TS2307: Cannot find module '../components/vct-ui' or its corresponding type declarations.
packages/app/features/finance/Page_finance_fees.tsx(10,31): error TS2307: Cannot find module '../components/VCT_StatRow' or its corresponding type declarations.
packages/app/features/finance/Page_finance_fees.tsx(11,27): error TS2307: Cannot find module '../components/vct-icons' or its corresponding type declarations.
packages/app/features/finance/Page_finance_invoices.tsx(5,27): error TS2307: Cannot find module '../components/vct-icons' or its corresponding type declarations.
packages/app/features/finance/Page_finance_sponsorship.tsx(3,27): error TS2307: Cannot find module '../components/vct-icons' or its corresponding type declarations.
packages/app/features/finance/Page_finance_subscriptions.tsx(9,8): error TS2307: Cannot find module '../components/vct-ui' or its corresponding type declarations.
packages/app/features/finance/Page_finance_subscriptions.tsx(10,31): error TS2307: Cannot find module '../components/VCT_StatRow' or its corresponding type declarations.
packages/app/features/finance/Page_finance_subscriptions.tsx(11,27): error TS2307: Cannot find module '../components/vct-icons' or its corresponding type declarations.
packages/app/features/heritage/Page_heritage.tsx(7,8): error TS2307: Cannot find module '../components/vct-ui' or its corresponding type declarations.
packages/app/features/heritage/Page_heritage.tsx(8,62): error TS2307: Cannot find module '../components/vct-ui' or its corresponding type declarations.
packages/app/features/heritage/Page_heritage.tsx(9,31): error TS2307: Cannot find module '../components/VCT_StatRow' or its corresponding type declarations.
packages/app/features/heritage/Page_heritage.tsx(10,27): error TS2307: Cannot find module '../components/vct-icons' or its corresponding type declarations.
packages/app/features/heritage/Page_heritage_lineage.tsx(9,69): error TS2307: Cannot find module '../components/vct-ui' or its corresponding type declarations.
packages/app/features/heritage/Page_heritage_lineage.tsx(10,27): error TS2307: Cannot find module '../components/vct-icons' or its corresponding type declarations.
packages/app/features/heritage/Page_heritage_techniques.tsx(4,27): error TS2307: Cannot find module '../components/vct-icons' or its corresponding type declarations.
packages/app/features/layout/AppShell.tsx(8,46): error TS2307: Cannot find module '../components/vct-ui' or its corresponding type declarations.
packages/app/features/layout/AppShell.tsx(9,30): error TS2307: Cannot find module '../components/VCT_Dropdown' or its corresponding type declarations.
packages/app/features/layout/AppShell.tsx(10,36): error TS2307: Cannot find module '../components/VCT_CommandPalette' or its corresponding type declarations.
packages/app/features/layout/AppShell.tsx(11,36): error TS2307: Cannot find module '../components/VCT_ShortcutsPanel' or its corresponding type declarations.
packages/app/features/layout/AppShell.tsx(13,27): error TS2307: Cannot find module '../components/vct-icons' or its corresponding type declarations.
packages/app/features/layout/AppShell.tsx(29,25): error TS2307: Cannot find module '../components/ui-logo' or its corresponding type declarations.
packages/app/features/layout/sidebar.tsx(4,25): error TS2307: Cannot find module '../components/ui-logo' or its corresponding type declarations.
packages/app/features/layout/sidebar.tsx(5,29): error TS2307: Cannot find module '../components/VCT_Tooltip' or its corresponding type declarations.
packages/app/features/layout/sidebar.tsx(6,32): error TS2307: Cannot find module '../components/vct-ui' or its corresponding type declarations.
packages/app/features/layout/sidebar.tsx(7,27): error TS2307: Cannot find module '../components/vct-icons' or its corresponding type declarations.
packages/app/features/layout/WorkspaceSwitcher.tsx(16,27): error TS2307: Cannot find module '../components/vct-icons' or its corresponding type declarations.
packages/app/features/marketplace/MarketplaceProductCard.tsx(6,39): error TS2307: Cannot find module '../components/vct-ui' or its corresponding type declarations.
packages/app/features/marketplace/MarketplaceProductCard.tsx(7,27): error TS2307: Cannot find module '../components/vct-icons' or its corresponding type declarations.
packages/app/features/marketplace/Page_marketplace.tsx(15,8): error TS2307: Cannot find module '../components/vct-ui' or its corresponding type declarations.
packages/app/features/marketplace/Page_marketplace.tsx(16,27): error TS2307: Cannot find module '../components/vct-icons' or its corresponding type declarations.
packages/app/features/marketplace/Page_marketplace_admin.tsx(20,8): error TS2307: Cannot find module '../components/vct-ui' or its corresponding type declarations.
packages/app/features/marketplace/Page_marketplace_admin.tsx(21,27): error TS2307: Cannot find module '../components/vct-icons' or its corresponding type declarations.
packages/app/features/marketplace/Page_marketplace_product.tsx(16,8): error TS2307: Cannot find module '../components/vct-ui' or its corresponding type declarations.
packages/app/features/marketplace/Page_marketplace_product.tsx(17,27): error TS2307: Cannot find module '../components/vct-icons' or its corresponding type declarations.
packages/app/features/notifications/NotificationCenter.tsx(5,38): error TS2307: Cannot find module '../components/VCT_NotificationBell' or its corresponding type declarations.
packages/app/features/notifications/NotificationCenter.tsx(6,50): error TS2307: Cannot find module '../components/VCT_Timeline' or its corresponding type declarations.
packages/app/features/notifications/Page_notifications.tsx(4,27): error TS2307: Cannot find module '../components/vct-icons' or its corresponding type declarations.
packages/app/features/organizations/Page_organization_detail.tsx(5,95): error TS2307: Cannot find module '../components/vct-ui' or its corresponding type declarations.
packages/app/features/organizations/Page_organization_detail.tsx(6,35): error TS2307: Cannot find module '../components/vct-ui' or its corresponding type declarations.
packages/app/features/organizations/Page_organization_detail.tsx(7,27): error TS2307: Cannot find module '../components/vct-icons' or its corresponding type declarations.
packages/app/features/organizations/Page_organizations.tsx(11,8): error TS2307: Cannot find module '../components/vct-ui' or its corresponding type declarations.
packages/app/features/organizations/Page_organizations.tsx(12,48): error TS2307: Cannot find module '../components/vct-ui' or its corresponding type declarations.
packages/app/features/organizations/Page_organizations.tsx(13,31): error TS2307: Cannot find module '../components/VCT_StatRow' or its corresponding type declarations.
packages/app/features/organizations/Page_organizations.tsx(14,27): error TS2307: Cannot find module '../components/vct-icons' or its corresponding type declarations.
packages/app/features/people/Page_athlete_profile.tsx(5,5): error TS2305: Module '"@vct/ui"' has no exported member 'VCT_PageContainer'.
packages/app/features/people/Page_athlete_profile.tsx(5,24): error TS2305: Module '"@vct/ui"' has no exported member 'VCT_PageHero'.
packages/app/features/people/Page_athlete_profile.tsx(5,38): error TS2305: Module '"@vct/ui"' has no exported member 'VCT_SectionCard'.
packages/app/features/people/Page_athlete_profile.tsx(6,21): error TS2305: Module '"@vct/ui"' has no exported member 'VCT_StatRow'.
packages/app/features/people/Page_athlete_profile.tsx(8,15): error TS2724: '"@vct/ui"' has no exported member named 'StatItem'. Did you mean 'TabItem'?
packages/app/features/people/Page_athlete_profile.tsx(9,27): error TS2307: Cannot find module '../components/vct-icons' or its corresponding type declarations.
packages/app/features/people/Page_coach_profile.tsx(7,8): error TS2307: Cannot find module '../components/vct-ui' or its corresponding type declarations.
packages/app/features/people/Page_coach_profile.tsx(8,35): error TS2307: Cannot find module '../components/vct-ui' or its corresponding type declarations.
packages/app/features/people/Page_coach_profile.tsx(9,27): error TS2307: Cannot find module '../components/vct-icons' or its corresponding type declarations.
packages/app/features/people/Page_coaches.tsx(8,8): error TS2307: Cannot find module '../components/vct-ui' or its corresponding type declarations.
packages/app/features/people/Page_coaches.tsx(9,62): error TS2307: Cannot find module '../components/vct-ui' or its corresponding type declarations.
packages/app/features/people/Page_coaches.tsx(10,31): error TS2307: Cannot find module '../components/VCT_StatRow' or its corresponding type declarations.
packages/app/features/people/Page_coaches.tsx(11,27): error TS2307: Cannot find module '../components/vct-icons' or its corresponding type declarations.
packages/app/features/people/Page_people.tsx(7,8): error TS2307: Cannot find module '../components/vct-ui' or its corresponding type declarations.
packages/app/features/people/Page_people.tsx(8,79): error TS2307: Cannot find module '../components/vct-ui' or its corresponding type declarations.
packages/app/features/people/Page_people.tsx(9,27): error TS2307: Cannot find module '../components/vct-icons' or its corresponding type declarations.
packages/app/features/people/Page_people.tsx(10,31): error TS2307: Cannot find module '../components/VCT_StatRow' or its corresponding type declarations.
packages/app/features/people/Page_referee_profile.tsx(5,78): error TS2307: Cannot find module '../components/vct-ui' or its corresponding type declarations.
packages/app/features/people/Page_referee_profile.tsx(6,35): error TS2307: Cannot find module '../components/vct-ui' or its corresponding type declarations.
packages/app/features/people/Page_referee_profile.tsx(7,27): error TS2307: Cannot find module '../components/vct-icons' or its corresponding type declarations.
packages/app/features/people/Page_referees.tsx(8,8): error TS2307: Cannot find module '../components/vct-ui' or its corresponding type declarations.
packages/app/features/people/Page_referees.tsx(9,79): error TS2307: Cannot find module '../components/vct-ui' or its corresponding type declarations.
packages/app/features/people/Page_referees.tsx(10,31): error TS2307: Cannot find module '../components/VCT_StatRow' or its corresponding type declarations.
packages/app/features/people/Page_referees.tsx(11,27): error TS2307: Cannot find module '../components/vct-icons' or its corresponding type declarations.
packages/app/features/portals/Page_portal_hub.tsx(16,27): error TS2307: Cannot find module '../components/vct-icons' or its corresponding type declarations.
packages/app/features/portals/Page_portal_hub.tsx(22,36): error TS2307: Cannot find module '../components/VCT_CommandPalette' or its corresponding type declarations.
packages/app/features/portals/portal/PortalActivityFeed.tsx(3,27): error TS2307: Cannot find module '../../components/vct-icons' or its corresponding type declarations.
packages/app/features/portals/portal/PortalCategoryTabs.tsx(3,27): error TS2307: Cannot find module '../../components/vct-icons' or its corresponding type declarations.
packages/app/features/portals/portal/PortalEmptyState.tsx(7,27): error TS2307: Cannot find module '../../components/vct-icons' or its corresponding type declarations.
packages/app/features/portals/portal/PortalFavorites.tsx(8,27): error TS2307: Cannot find module '../../components/vct-icons' or its corresponding type declarations.
packages/app/features/portals/portal/PortalRecent.tsx(7,27): error TS2307: Cannot find module '../../components/vct-icons' or its corresponding type declarations.
packages/app/features/portals/portal/PortalRecentCard.tsx(9,27): error TS2307: Cannot find module '../../components/vct-icons' or its corresponding type declarations.
packages/app/features/portals/portal/PortalSearchBar.tsx(9,27): error TS2307: Cannot find module '../../components/vct-icons' or its corresponding type declarations.
packages/app/features/portals/portal/PortalSearchBar.tsx(56,78): error TS2538: Type 'symbol' cannot be used as an index type.
packages/app/features/portals/portal/PortalSearchBar.tsx(126,113): error TS2538: Type 'symbol' cannot be used as an index type.
packages/app/features/portals/portal/PortalWelcomeHeader.tsx(5,27): error TS2307: Cannot find module '../../components/vct-icons' or its corresponding type declarations.
packages/app/features/portals/portal/PortalWorkspaceCard.tsx(9,27): error TS2307: Cannot find module '../../components/vct-icons' or its corresponding type declarations.
packages/app/features/portals/portal/PortalWorkspaceRow.tsx(7,27): error TS2307: Cannot find module '../../components/vct-icons' or its corresponding type declarations.
packages/app/features/provincial/Page_club_internal.tsx(5,94): error TS2307: Cannot find module '../components/vct-ui' or its corresponding type declarations.
packages/app/features/provincial/Page_club_internal.tsx(6,48): error TS2307: Cannot find module '../components/vct-ui' or its corresponding type declarations.
packages/app/features/provincial/Page_club_internal.tsx(7,31): error TS2307: Cannot find module '../components/VCT_StatRow' or its corresponding type declarations.
packages/app/features/provincial/Page_club_internal.tsx(8,27): error TS2307: Cannot find module '../components/vct-icons' or its corresponding type declarations.
packages/app/features/provincial/Page_provincial_associations.tsx(9,8): error TS2307: Cannot find module '../components/vct-ui' or its corresponding type declarations.
packages/app/features/provincial/Page_provincial_associations.tsx(10,48): error TS2307: Cannot find module '../components/vct-ui' or its corresponding type declarations.
packages/app/features/provincial/Page_provincial_associations.tsx(11,31): error TS2307: Cannot find module '../components/VCT_StatRow' or its corresponding type declarations.
packages/app/features/provincial/Page_provincial_associations.tsx(12,27): error TS2307: Cannot find module '../components/vct-icons' or its corresponding type declarations.
packages/app/features/provincial/Page_provincial_athletes.tsx(5,129): error TS2307: Cannot find module '../components/vct-ui' or its corresponding type declarations.
packages/app/features/provincial/Page_provincial_athletes.tsx(6,48): error TS2307: Cannot find module '../components/vct-ui' or its corresponding type declarations.
packages/app/features/provincial/Page_provincial_athletes.tsx(7,31): error TS2307: Cannot find module '../components/VCT_StatRow' or its corresponding type declarations.
packages/app/features/provincial/Page_provincial_athletes.tsx(8,27): error TS2307: Cannot find module '../components/vct-icons' or its corresponding type declarations.
packages/app/features/provincial/Page_provincial_certifications.tsx(5,112): error TS2307: Cannot find module '../components/vct-ui' or its corresponding type declarations.
packages/app/features/provincial/Page_provincial_certifications.tsx(6,48): error TS2307: Cannot find module '../components/vct-ui' or its corresponding type declarations.
packages/app/features/provincial/Page_provincial_certifications.tsx(7,31): error TS2307: Cannot find module '../components/VCT_StatRow' or its corresponding type declarations.
packages/app/features/provincial/Page_provincial_certifications.tsx(8,27): error TS2307: Cannot find module '../components/vct-icons' or its corresponding type declarations.
packages/app/features/provincial/Page_provincial_clubs.tsx(9,8): error TS2307: Cannot find module '../components/vct-ui' or its corresponding type declarations.
packages/app/features/provincial/Page_provincial_clubs.tsx(10,48): error TS2307: Cannot find module '../components/vct-ui' or its corresponding type declarations.
packages/app/features/provincial/Page_provincial_clubs.tsx(11,31): error TS2307: Cannot find module '../components/VCT_StatRow' or its corresponding type declarations.
packages/app/features/provincial/Page_provincial_clubs.tsx(12,27): error TS2307: Cannot find module '../components/vct-icons' or its corresponding type declarations.
packages/app/features/provincial/Page_provincial_coaches.tsx(5,112): error TS2307: Cannot find module '../components/vct-ui' or its corresponding type declarations.
packages/app/features/provincial/Page_provincial_coaches.tsx(6,48): error TS2307: Cannot find module '../components/vct-ui' or its corresponding type declarations.
packages/app/features/provincial/Page_provincial_coaches.tsx(7,31): error TS2307: Cannot find module '../components/VCT_StatRow' or its corresponding type declarations.
packages/app/features/provincial/Page_provincial_coaches.tsx(8,27): error TS2307: Cannot find module '../components/vct-icons' or its corresponding type declarations.
packages/app/features/provincial/Page_provincial_dashboard.tsx(8,8): error TS2307: Cannot find module '../components/vct-ui' or its corresponding type declarations.
packages/app/features/provincial/Page_provincial_dashboard.tsx(9,48): error TS2307: Cannot find module '../components/vct-ui' or its corresponding type declarations.
packages/app/features/provincial/Page_provincial_dashboard.tsx(10,31): error TS2307: Cannot find module '../components/VCT_StatRow' or its corresponding type declarations.
packages/app/features/provincial/Page_provincial_dashboard.tsx(11,27): error TS2307: Cannot find module '../components/vct-icons' or its corresponding type declarations.
packages/app/features/provincial/Page_provincial_discipline.tsx(5,94): error TS2307: Cannot find module '../components/vct-ui' or its corresponding type declarations.
packages/app/features/provincial/Page_provincial_discipline.tsx(6,48): error TS2307: Cannot find module '../components/vct-ui' or its corresponding type declarations.
packages/app/features/provincial/Page_provincial_discipline.tsx(7,31): error TS2307: Cannot find module '../components/VCT_StatRow' or its corresponding type declarations.
packages/app/features/provincial/Page_provincial_discipline.tsx(8,27): error TS2307: Cannot find module '../components/vct-icons' or its corresponding type declarations.
packages/app/features/provincial/Page_provincial_documents.tsx(5,94): error TS2307: Cannot find module '../components/vct-ui' or its corresponding type declarations.
packages/app/features/provincial/Page_provincial_documents.tsx(6,48): error TS2307: Cannot find module '../components/vct-ui' or its corresponding type declarations.
packages/app/features/provincial/Page_provincial_documents.tsx(7,31): error TS2307: Cannot find module '../components/VCT_StatRow' or its corresponding type declarations.
packages/app/features/provincial/Page_provincial_documents.tsx(8,27): error TS2307: Cannot find module '../components/vct-icons' or its corresponding type declarations.
packages/app/features/provincial/Page_provincial_finance.tsx(5,77): error TS2307: Cannot find module '../components/vct-ui' or its corresponding type declarations.
packages/app/features/provincial/Page_provincial_finance.tsx(6,48): error TS2307: Cannot find module '../components/vct-ui' or its corresponding type declarations.
packages/app/features/provincial/Page_provincial_finance.tsx(7,31): error TS2307: Cannot find module '../components/VCT_StatRow' or its corresponding type declarations.
packages/app/features/provincial/Page_provincial_finance.tsx(8,27): error TS2307: Cannot find module '../components/vct-icons' or its corresponding type declarations.
packages/app/features/provincial/Page_provincial_personnel.tsx(5,112): error TS2307: Cannot find module '../components/vct-ui' or its corresponding type declarations.
packages/app/features/provincial/Page_provincial_personnel.tsx(6,48): error TS2307: Cannot find module '../components/vct-ui' or its corresponding type declarations.
packages/app/features/provincial/Page_provincial_personnel.tsx(7,31): error TS2307: Cannot find module '../components/VCT_StatRow' or its corresponding type declarations.
packages/app/features/provincial/Page_provincial_personnel.tsx(8,27): error TS2307: Cannot find module '../components/vct-icons' or its corresponding type declarations.
packages/app/features/provincial/Page_provincial_referees.tsx(5,112): error TS2307: Cannot find module '../components/vct-ui' or its corresponding type declarations.
packages/app/features/provincial/Page_provincial_referees.tsx(6,48): error TS2307: Cannot find module '../components/vct-ui' or its corresponding type declarations.
packages/app/features/provincial/Page_provincial_referees.tsx(7,31): error TS2307: Cannot find module '../components/VCT_StatRow' or its corresponding type declarations.
packages/app/features/provincial/Page_provincial_referees.tsx(8,27): error TS2307: Cannot find module '../components/vct-icons' or its corresponding type declarations.
packages/app/features/provincial/Page_provincial_reports.tsx(4,48): error TS2307: Cannot find module '../components/vct-ui' or its corresponding type declarations.
packages/app/features/provincial/Page_provincial_reports.tsx(5,31): error TS2307: Cannot find module '../components/VCT_StatRow' or its corresponding type declarations.
packages/app/features/provincial/Page_provincial_reports.tsx(6,27): error TS2307: Cannot find module '../components/vct-icons' or its corresponding type declarations.
packages/app/features/provincial/Page_provincial_reports.tsx(7,32): error TS2307: Cannot find module '../components/vct-ui' or its corresponding type declarations.
packages/app/features/provincial/Page_provincial_sub_associations.tsx(9,8): error TS2307: Cannot find module '../components/vct-ui' or its corresponding type declarations.
packages/app/features/provincial/Page_provincial_sub_associations.tsx(10,48): error TS2307: Cannot find module '../components/vct-ui' or its corresponding type declarations.
packages/app/features/provincial/Page_provincial_sub_associations.tsx(11,31): error TS2307: Cannot find module '../components/VCT_StatRow' or its corresponding type declarations.
packages/app/features/provincial/Page_provincial_sub_associations.tsx(12,27): error TS2307: Cannot find module '../components/vct-icons' or its corresponding type declarations.
packages/app/features/provincial/Page_provincial_tournaments.tsx(5,94): error TS2307: Cannot find module '../components/vct-ui' or its corresponding type declarations.
packages/app/features/provincial/Page_provincial_tournaments.tsx(6,48): error TS2307: Cannot find module '../components/vct-ui' or its corresponding type declarations.
packages/app/features/provincial/Page_provincial_tournaments.tsx(7,31): error TS2307: Cannot find module '../components/VCT_StatRow' or its corresponding type declarations.
packages/app/features/provincial/Page_provincial_tournaments.tsx(8,27): error TS2307: Cannot find module '../components/vct-icons' or its corresponding type declarations.
packages/app/features/provincial/Page_provincial_vo_sinh.tsx(5,129): error TS2307: Cannot find module '../components/vct-ui' or its corresponding type declarations.
packages/app/features/provincial/Page_provincial_vo_sinh.tsx(6,48): error TS2307: Cannot find module '../components/vct-ui' or its corresponding type declarations.
packages/app/features/provincial/Page_provincial_vo_sinh.tsx(7,31): error TS2307: Cannot find module '../components/VCT_StatRow' or its corresponding type declarations.
packages/app/features/provincial/Page_provincial_vo_sinh.tsx(8,27): error TS2307: Cannot find module '../components/vct-icons' or its corresponding type declarations.
packages/app/features/public/Page_public_clubs.tsx(4,27): error TS2307: Cannot find module '../components/vct-icons' or its corresponding type declarations.
packages/app/features/public/Page_public_members.tsx(3,27): error TS2307: Cannot find module '../components/vct-icons' or its corresponding type declarations.
packages/app/features/public/Page_public_provinces.tsx(4,27): error TS2307: Cannot find module '../components/vct-icons' or its corresponding type declarations.
packages/app/features/rankings/Page_rankings.tsx(9,8): error TS2307: Cannot find module '../components/vct-ui' or its corresponding type declarations.
packages/app/features/rankings/Page_rankings.tsx(10,29): error TS2307: Cannot find module '../components/vct-ui' or its corresponding type declarations.
packages/app/features/rankings/Page_rankings.tsx(11,31): error TS2307: Cannot find module '../components/VCT_StatRow' or its corresponding type declarations.
packages/app/features/rankings/Page_rankings.tsx(12,27): error TS2307: Cannot find module '../components/vct-icons' or its corresponding type declarations.
packages/app/features/settings/Page_settings.tsx(5,27): error TS2307: Cannot find module '../components/vct-icons' or its corresponding type declarations.
packages/app/features/settings/Page_settings.tsx(6,35): error TS2307: Cannot find module '../components/vct-ui' or its corresponding type declarations.
packages/app/features/tournament/bracket/BracketMatchDetail.tsx(5,38): error TS2307: Cannot find module '../../components/vct-ui' or its corresponding type declarations.
packages/app/features/tournament/bracket/BracketToolbar.tsx(7,8): error TS2307: Cannot find module '../../components/vct-ui' or its corresponding type declarations.
packages/app/features/tournament/bracket/Page_bracket_templates.tsx(7,8): error TS2307: Cannot find module '../../components/vct-ui' or its corresponding type declarations.
packages/app/features/tournament/bracket/Page_bracket_templates.tsx(8,31): error TS2307: Cannot find module '../../components/VCT_StatRow' or its corresponding type declarations.
packages/app/features/tournament/bracket/Page_bracket_templates.tsx(9,27): error TS2307: Cannot find module '../../components/vct-icons' or its corresponding type declarations.
packages/app/features/tournament/Page_appeals.tsx(9,8): error TS2307: Cannot find module '../components/vct-ui' or its corresponding type declarations.
packages/app/features/tournament/Page_appeals.tsx(10,48): error TS2307: Cannot find module '../components/vct-ui' or its corresponding type declarations.
packages/app/features/tournament/Page_appeals.tsx(11,31): error TS2307: Cannot find module '../components/VCT_StatRow' or its corresponding type declarations.
packages/app/features/tournament/Page_appeals.tsx(12,27): error TS2307: Cannot find module '../components/vct-icons' or its corresponding type declarations.
packages/app/features/tournament/Page_athletes.tsx(9,8): error TS2307: Cannot find module '../components/vct-ui' or its corresponding type declarations.
packages/app/features/tournament/Page_athletes.tsx(10,48): error TS2307: Cannot find module '../components/vct-ui' or its corresponding type declarations.
packages/app/features/tournament/Page_athletes.tsx(11,31): error TS2307: Cannot find module '../components/VCT_StatRow' or its corresponding type declarations.
packages/app/features/tournament/Page_athletes.tsx(12,27): error TS2307: Cannot find module '../components/vct-icons' or its corresponding type declarations.
packages/app/features/tournament/Page_boc_tham.tsx(9,8): error TS2307: Cannot find module '../components/vct-ui' or its corresponding type declarations.
packages/app/features/tournament/Page_boc_tham.tsx(10,48): error TS2307: Cannot find module '../components/vct-ui' or its corresponding type declarations.
packages/app/features/tournament/Page_boc_tham.tsx(11,31): error TS2307: Cannot find module '../components/VCT_StatRow' or its corresponding type declarations.
packages/app/features/tournament/Page_boc_tham.tsx(12,27): error TS2307: Cannot find module '../components/vct-icons' or its corresponding type declarations.
packages/app/features/tournament/Page_bracket.tsx(6,8): error TS2307: Cannot find module '../components/vct-ui' or its corresponding type declarations.
packages/app/features/tournament/Page_bracket.tsx(7,48): error TS2307: Cannot find module '../components/vct-ui' or its corresponding type declarations.
packages/app/features/tournament/Page_bracket.tsx(8,31): error TS2307: Cannot find module '../components/VCT_StatRow' or its corresponding type declarations.
packages/app/features/tournament/Page_bracket.tsx(9,27): error TS2307: Cannot find module '../components/vct-icons' or its corresponding type declarations.
packages/app/features/tournament/Page_combat.tsx(8,8): error TS2307: Cannot find module '../components/vct-ui' or its corresponding type declarations.
packages/app/features/tournament/Page_combat.tsx(9,48): error TS2307: Cannot find module '../components/vct-ui' or its corresponding type declarations.
packages/app/features/tournament/Page_combat.tsx(10,31): error TS2307: Cannot find module '../components/VCT_StatRow' or its corresponding type declarations.
packages/app/features/tournament/Page_combat.tsx(11,27): error TS2307: Cannot find module '../components/vct-icons' or its corresponding type declarations.
packages/app/features/tournament/Page_dashboard.tsx(9,8): error TS2307: Cannot find module '../components/vct-ui' or its corresponding type declarations.
packages/app/features/tournament/Page_dashboard.tsx(10,79): error TS2307: Cannot find module '../components/vct-ui' or its corresponding type declarations.
packages/app/features/tournament/Page_dashboard.tsx(11,50): error TS2307: Cannot find module '../components/VCT_Timeline' or its corresponding type declarations.
packages/app/features/tournament/Page_dashboard.tsx(12,27): error TS2307: Cannot find module '../components/vct-icons' or its corresponding type declarations.
packages/app/features/tournament/Page_dashboard.tsx(17,31): error TS2307: Cannot find module '../components/VCT_StatRow' or its corresponding type declarations.
packages/app/features/tournament/Page_forms.tsx(9,8): error TS2307: Cannot find module '../components/vct-ui' or its corresponding type declarations.
packages/app/features/tournament/Page_forms.tsx(10,48): error TS2307: Cannot find module '../components/vct-ui' or its corresponding type declarations.
packages/app/features/tournament/Page_forms.tsx(11,31): error TS2307: Cannot find module '../components/VCT_StatRow' or its corresponding type declarations.
packages/app/features/tournament/Page_forms.tsx(12,27): error TS2307: Cannot find module '../components/vct-icons' or its corresponding type declarations.
packages/app/features/tournament/Page_giai_dau.tsx(9,8): error TS2307: Cannot find module '../components/vct-ui' or its corresponding type declarations.
packages/app/features/tournament/Page_giai_dau.tsx(10,29): error TS2307: Cannot find module '../components/vct-ui' or its corresponding type declarations.
packages/app/features/tournament/Page_giai_dau.tsx(11,31): error TS2307: Cannot find module '../components/VCT_StatRow' or its corresponding type declarations.
packages/app/features/tournament/Page_giai_dau.tsx(12,27): error TS2307: Cannot find module '../components/vct-icons' or its corresponding type declarations.
packages/app/features/tournament/Page_medals.tsx(8,8): error TS2307: Cannot find module '../components/vct-ui' or its corresponding type declarations.
packages/app/features/tournament/Page_medals.tsx(9,79): error TS2307: Cannot find module '../components/vct-ui' or its corresponding type declarations.
packages/app/features/tournament/Page_medals.tsx(10,31): error TS2307: Cannot find module '../components/VCT_StatRow' or its corresponding type declarations.
packages/app/features/tournament/Page_medals.tsx(11,27): error TS2307: Cannot find module '../components/vct-icons' or its corresponding type declarations.
packages/app/features/tournament/Page_medals.tsx(13,55): error TS2307: Cannot find module '../components/vct-ui' or its corresponding type declarations.
packages/app/features/tournament/Page_noi_dung.tsx(9,8): error TS2307: Cannot find module '../components/vct-ui' or its corresponding type declarations.
packages/app/features/tournament/Page_noi_dung.tsx(10,27): error TS2307: Cannot find module '../components/vct-icons' or its corresponding type declarations.
packages/app/features/tournament/Page_referee_assignments.tsx(9,8): error TS2307: Cannot find module '../components/vct-ui' or its corresponding type declarations.
packages/app/features/tournament/Page_referee_assignments.tsx(10,48): error TS2307: Cannot find module '../components/vct-ui' or its corresponding type declarations.
packages/app/features/tournament/Page_referee_assignments.tsx(11,31): error TS2307: Cannot find module '../components/VCT_StatRow' or its corresponding type declarations.
packages/app/features/tournament/Page_referee_assignments.tsx(12,27): error TS2307: Cannot find module '../components/vct-icons' or its corresponding type declarations.
packages/app/features/tournament/Page_referees.tsx(10,8): error TS2307: Cannot find module '../components/vct-ui' or its corresponding type declarations.
packages/app/features/tournament/Page_referees.tsx(11,48): error TS2307: Cannot find module '../components/vct-ui' or its corresponding type declarations.
packages/app/features/tournament/Page_referees.tsx(12,31): error TS2307: Cannot find module '../components/VCT_StatRow' or its corresponding type declarations.
packages/app/features/tournament/Page_referees.tsx(13,27): error TS2307: Cannot find module '../components/vct-icons' or its corresponding type declarations.
packages/app/features/tournament/Page_registration.tsx(9,8): error TS2307: Cannot find module '../components/vct-ui' or its corresponding type declarations.
packages/app/features/tournament/Page_registration.tsx(10,79): error TS2307: Cannot find module '../components/vct-ui' or its corresponding type declarations.
packages/app/features/tournament/Page_registration.tsx(11,31): error TS2307: Cannot find module '../components/VCT_StatRow' or its corresponding type declarations.
packages/app/features/tournament/Page_registration.tsx(12,27): error TS2307: Cannot find module '../components/vct-icons' or its corresponding type declarations.
packages/app/features/tournament/Page_reports.tsx(11,8): error TS2307: Cannot find module '../components/vct-ui' or its corresponding type declarations.
packages/app/features/tournament/Page_reports.tsx(12,27): error TS2307: Cannot find module '../components/vct-icons' or its corresponding type declarations.
packages/app/features/tournament/Page_results.tsx(9,8): error TS2307: Cannot find module '../components/vct-ui' or its corresponding type declarations.
packages/app/features/tournament/Page_results.tsx(10,79): error TS2307: Cannot find module '../components/vct-ui' or its corresponding type declarations.
packages/app/features/tournament/Page_results.tsx(11,31): error TS2307: Cannot find module '../components/VCT_StatRow' or its corresponding type declarations.
packages/app/features/tournament/Page_results.tsx(12,27): error TS2307: Cannot find module '../components/vct-icons' or its corresponding type declarations.
packages/app/features/tournament/Page_san_dau.tsx(9,8): error TS2307: Cannot find module '../components/vct-ui' or its corresponding type declarations.
packages/app/features/tournament/Page_san_dau.tsx(10,48): error TS2307: Cannot find module '../components/vct-ui' or its corresponding type declarations.
packages/app/features/tournament/Page_san_dau.tsx(11,31): error TS2307: Cannot find module '../components/VCT_StatRow' or its corresponding type declarations.
packages/app/features/tournament/Page_san_dau.tsx(12,27): error TS2307: Cannot find module '../components/vct-icons' or its corresponding type declarations.
packages/app/features/tournament/Page_schedule.tsx(8,8): error TS2307: Cannot find module '../components/vct-ui' or its corresponding type declarations.
packages/app/features/tournament/Page_schedule.tsx(9,48): error TS2307: Cannot find module '../components/vct-ui' or its corresponding type declarations.
packages/app/features/tournament/Page_schedule.tsx(10,31): error TS2307: Cannot find module '../components/VCT_StatRow' or its corresponding type declarations.
packages/app/features/tournament/Page_schedule.tsx(11,27): error TS2307: Cannot find module '../components/vct-icons' or its corresponding type declarations.
packages/app/features/tournament/Page_teams.tsx(11,8): error TS2307: Cannot find module '../components/vct-ui' or its corresponding type declarations.
packages/app/features/tournament/Page_teams.tsx(12,48): error TS2307: Cannot find module '../components/vct-ui' or its corresponding type declarations.
packages/app/features/tournament/Page_teams.tsx(13,31): error TS2307: Cannot find module '../components/VCT_StatRow' or its corresponding type declarations.
packages/app/features/tournament/Page_teams.tsx(14,27): error TS2307: Cannot find module '../components/vct-icons' or its corresponding type declarations.
packages/app/features/tournament/Page_technical_meeting.tsx(8,8): error TS2307: Cannot find module '../components/vct-ui' or its corresponding type declarations.
packages/app/features/tournament/Page_technical_meeting.tsx(9,48): error TS2307: Cannot find module '../components/vct-ui' or its corresponding type declarations.
packages/app/features/tournament/Page_technical_meeting.tsx(10,31): error TS2307: Cannot find module '../components/VCT_StatRow' or its corresponding type declarations.
packages/app/features/tournament/Page_technical_meeting.tsx(11,27): error TS2307: Cannot find module '../components/vct-icons' or its corresponding type declarations.
packages/app/features/tournament/Page_tournament_config.tsx(5,82): error TS2307: Cannot find module '../components/vct-ui' or its corresponding type declarations.
packages/app/features/tournament/Page_tournament_config.tsx(6,62): error TS2307: Cannot find module '../components/vct-ui' or its corresponding type declarations.
packages/app/features/tournament/Page_tournament_config.tsx(7,31): error TS2307: Cannot find module '../components/VCT_StatRow' or its corresponding type declarations.
packages/app/features/tournament/Page_tournament_config.tsx(8,27): error TS2307: Cannot find module '../components/vct-icons' or its corresponding type declarations.
packages/app/features/tournament/Page_tournament_media.tsx(5,93): error TS2307: Cannot find module '../components/vct-ui' or its corresponding type declarations.
packages/app/features/tournament/Page_tournament_media.tsx(6,62): error TS2307: Cannot find module '../components/vct-ui' or its corresponding type declarations.
packages/app/features/tournament/Page_tournament_media.tsx(7,31): error TS2307: Cannot find module '../components/VCT_StatRow' or its corresponding type declarations.
packages/app/features/tournament/Page_tournament_media.tsx(8,27): error TS2307: Cannot find module '../components/vct-icons' or its corresponding type declarations.
packages/app/features/tournament/Page_tournament_media_gallery.tsx(5,27): error TS2307: Cannot find module '../components/vct-icons' or its corresponding type declarations.
packages/app/features/tournament/Page_tournament_protests.tsx(5,93): error TS2307: Cannot find module '../components/vct-ui' or its corresponding type declarations.
packages/app/features/tournament/Page_tournament_protests.tsx(6,62): error TS2307: Cannot find module '../components/vct-ui' or its corresponding type declarations.
packages/app/features/tournament/Page_tournament_protests.tsx(7,31): error TS2307: Cannot find module '../components/VCT_StatRow' or its corresponding type declarations.
packages/app/features/tournament/Page_tournament_protests.tsx(8,27): error TS2307: Cannot find module '../components/vct-icons' or its corresponding type declarations.
packages/app/features/tournament/Page_tournament_statistics.tsx(5,27): error TS2307: Cannot find module '../components/vct-icons' or its corresponding type declarations.
packages/app/features/tournament/Page_tournament_wizard.tsx(8,8): error TS2307: Cannot find module '../components/vct-ui' or its corresponding type declarations.
packages/app/features/tournament/Page_weigh_in.tsx(10,8): error TS2307: Cannot find module '../components/vct-ui' or its corresponding type declarations.
packages/app/features/tournament/Page_weigh_in.tsx(11,48): error TS2307: Cannot find module '../components/vct-ui' or its corresponding type declarations.
packages/app/features/tournament/Page_weigh_in.tsx(12,31): error TS2307: Cannot find module '../components/VCT_StatRow' or its corresponding type declarations.
packages/app/features/tournament/Page_weigh_in.tsx(13,27): error TS2307: Cannot find module '../components/vct-icons' or its corresponding type declarations.
packages/app/features/tournament/Page_weigh_in.tsx(17,26): error TS2307: Cannot find module '../components/vct-ui' or its corresponding type declarations.
packages/app/features/tournament/TournamentWorkflowStepper.tsx(9,27): error TS2307: Cannot find module '../components/vct-icons' or its corresponding type declarations.
packages/app/features/training/Page_attendance.tsx(8,8): error TS2307: Cannot find module '../components/vct-ui' or its corresponding type declarations.
packages/app/features/training/Page_attendance.tsx(9,62): error TS2307: Cannot find module '../components/vct-ui' or its corresponding type declarations.
packages/app/features/training/Page_attendance.tsx(10,31): error TS2307: Cannot find module '../components/VCT_StatRow' or its corresponding type declarations.
packages/app/features/training/Page_attendance.tsx(11,27): error TS2307: Cannot find module '../components/vct-icons' or its corresponding type declarations.
packages/app/features/training/Page_belt_exams.tsx(8,8): error TS2307: Cannot find module '../components/vct-ui' or its corresponding type declarations.
packages/app/features/training/Page_belt_exams.tsx(9,62): error TS2307: Cannot find module '../components/vct-ui' or its corresponding type declarations.
packages/app/features/training/Page_belt_exams.tsx(10,31): error TS2307: Cannot find module '../components/VCT_StatRow' or its corresponding type declarations.
packages/app/features/training/Page_belt_exams.tsx(11,27): error TS2307: Cannot find module '../components/vct-icons' or its corresponding type declarations.
packages/app/features/training/Page_curriculum.tsx(12,8): error TS2307: Cannot find module '../components/vct-ui' or its corresponding type declarations.
packages/app/features/training/Page_curriculum.tsx(13,62): error TS2307: Cannot find module '../components/vct-ui' or its corresponding type declarations.
packages/app/features/training/Page_curriculum.tsx(14,31): error TS2307: Cannot find module '../components/VCT_StatRow' or its corresponding type declarations.
packages/app/features/training/Page_curriculum.tsx(15,27): error TS2307: Cannot find module '../components/vct-icons' or its corresponding type declarations.
packages/app/features/training/Page_elearning.tsx(9,8): error TS2307: Cannot find module '../components/vct-ui' or its corresponding type declarations.
packages/app/features/training/Page_elearning.tsx(10,62): error TS2307: Cannot find module '../components/vct-ui' or its corresponding type declarations.
packages/app/features/training/Page_elearning.tsx(11,31): error TS2307: Cannot find module '../components/VCT_StatRow' or its corresponding type declarations.
packages/app/features/training/Page_elearning.tsx(12,27): error TS2307: Cannot find module '../components/vct-icons' or its corresponding type declarations.
packages/app/features/training/Page_techniques.tsx(11,8): error TS2307: Cannot find module '../components/vct-ui' or its corresponding type declarations.
packages/app/features/training/Page_techniques.tsx(12,62): error TS2307: Cannot find module '../components/vct-ui' or its corresponding type declarations.
packages/app/features/training/Page_techniques.tsx(13,31): error TS2307: Cannot find module '../components/VCT_StatRow' or its corresponding type declarations.
packages/app/features/training/Page_techniques.tsx(14,27): error TS2307: Cannot find module '../components/vct-icons' or its corresponding type declarations.
packages/app/features/training/Page_training_plans.tsx(8,8): error TS2307: Cannot find module '../components/vct-ui' or its corresponding type declarations.
packages/app/features/training/Page_training_plans.tsx(9,62): error TS2307: Cannot find module '../components/vct-ui' or its corresponding type declarations.
packages/app/features/training/Page_training_plans.tsx(10,31): error TS2307: Cannot find module '../components/VCT_StatRow' or its corresponding type declarations.
packages/app/features/training/Page_training_plans.tsx(11,27): error TS2307: Cannot find module '../components/vct-icons' or its corresponding type declarations.
packages/app/features/user/Page_user_profile.tsx(5,27): error TS2307: Cannot find module '../components/vct-icons' or its corresponding type declarations.
packages/app/features/user/Page_user_profile.tsx(6,35): error TS2307: Cannot find module '../components/vct-ui' or its corresponding type declarations.
packages/app/features/user/Page_user_profile.tsx(271,45): error TS2538: Type 'symbol' cannot be used as an index type.
packages/ui/src/components/VCT_AddressSelect.tsx(10,8): error TS2307: Cannot find module '../hooks/useDivisions' or its corresponding type declarations.
packages/ui/src/components/VCT_CommandPalette.tsx(16,59): error TS2307: Cannot find module '../layout/workspace-store' or its corresponding type declarations.
packages/ui/src/components/VCT_CommandPalette.tsx(17,32): error TS2307: Cannot find module '../layout/workspace-types' or its corresponding type declarations.
packages/ui/src/components/VCT_CommandPalette.tsx(18,36): error TS2307: Cannot find module '../layout/workspace-types' or its corresponding type declarations.
packages/ui/src/components/VCT_CommandPalette.tsx(19,25): error TS2307: Cannot find module '../auth/AuthProvider' or its corresponding type declarations.
packages/ui/src/components/VCT_CommandPalette.tsx(20,25): error TS2307: Cannot find module '../i18n' or its corresponding type declarations.
