go : # 
vct-platform/backend/internal/httpapi
At line:1 char:1
+ go build ./internal/httpapi/... 2> 
build_errors.txt; node print_errs. 
...
+ ~~~~~~~~~~~~~~~~~~~~~~~~~~~~~~~~~~~
~~~~~~~~~~~~~~~~
    + CategoryInfo          : NotSpe 
   cified: (# vct-platform/backend/  
  internal/httpapi:String) [], Rem   
 oteException
    + FullyQualifiedErrorId : Native 
   CommandError
 
internal\httpapi\parent_handler.go:10
1:3: undefined: badRequestErr
internal\httpapi\parent_handler.go:23
1:4: undefined: badRequestErr
