ok  	vct-platform/backend/internal/httpapi	2.155s
